2025-10-15 10:28:58 - __main__ - INFO - ============================================================
2025-10-15 10:28:58 - __main__ - INFO - TRAINING DATA GENERATION
2025-10-15 10:28:58 - __main__ - INFO - ============================================================
2025-10-15 10:28:58 - __main__ - INFO - Boundary detection mode: shore_only
2025-10-15 10:28:58 - __main__ - INFO - Random seed: 612823
2025-10-15 10:28:58 - __main__ - INFO - Step 1: Building raster spatial index...
2025-10-15 10:28:58 - spectral_classifier.data_io - INFO - Found 30 raster files
2025-10-15 10:28:59 - spectral_classifier.data_io - INFO - Built raster index with CRS: EPSG:26914
2025-10-15 10:28:59 - __main__ - INFO - Step 2: Loading transects...
2025-10-15 10:28:59 - spectral_classifier.data_io - INFO - Loaded 2108 transects from shorelineTransPais.json (CRS: EPSG:6343)
2025-10-15 10:28:59 - __main__ - INFO - Total transects available: 2108
2025-10-15 10:28:59 - __main__ - INFO - Step 3: Randomly sampling 10 transects...
2025-10-15 10:28:59 - __main__ - INFO - Selected transect indices: [100, 193, 459, 583, 661, 869, 944, 959, 1452, 2103]
2025-10-15 10:28:59 - __main__ - INFO - Selected transect IDs: [103, 196, 462, 586, 664, 872, 947, 962, 1455, 2106]
2025-10-15 10:28:59 - __main__ - INFO - Step 4: Checking CRS compatibility...
2025-10-15 10:28:59 - spectral_classifier.data_io - WARNING - Reprojecting transects from EPSG:6343 to EPSG:26914
2025-10-15 10:28:59 - __main__ - INFO - Detected transect direction: east_to_west
2025-10-15 10:28:59 - __main__ - INFO - Step 5: Processing 10 sampled transects...
2025-10-15 10:28:59 - __main__ - INFO - [1/10] Processing transect 103
2025-10-15 10:28:59 - spectral_classifier.sampler - INFO - Transect 103: sampled 302 points over 300.0m
2025-10-15 10:28:59 - spectral_classifier.features - INFO - Computed 29 features
2025-10-15 10:28:59 - spectral_classifier.classifier - INFO - Classification complete: {'WATER': np.int64(168), 'UNKNOWN': np.int64(63), 'DRY_BEACH': np.int64(42), 'BEACH_WET': np.int64(26), 'VEG_DUNES': np.int64(3)}
2025-10-15 10:28:59 - spectral_classifier.classifier - INFO - Monotonic smoothing complete: {'UNKNOWN': np.int64(296), 'DRY_BEACH': np.int64(4), 'BEACH_WET': np.int64(1), 'WATER': np.int64(1)}
2025-10-15 10:28:59 - spectral_classifier.transition - INFO - Detected 6 zone boundaries (Phase 2)
2025-10-15 10:28:59 - spectral_classifier.transition - INFO -   Detection methods: {'derivative_magnitude': 4, 'inflection_point': 2}
2025-10-15 10:28:59 - spectral_classifier.visualization - INFO - Saved clean plot to C:\Users\alisa\Desktop\SIP\git\beach_spectral\training_output\clean_plots\transect_103_clean.png
2025-10-15 10:29:00 - spectral_classifier.visualization - INFO - Saved plot to C:\Users\alisa\Desktop\SIP\git\beach_spectral\training_output\classified_plots\transect_103_analysis.png
2025-10-15 10:29:00 - __main__ - INFO -   [OK] Generated plots for transect 103
2025-10-15 10:29:00 - __main__ - INFO - [2/10] Processing transect 196
2025-10-15 10:29:00 - spectral_classifier.sampler - INFO - Transect 196: sampled 302 points over 300.0m
2025-10-15 10:29:00 - spectral_classifier.features - INFO - Computed 29 features
2025-10-15 10:29:00 - spectral_classifier.classifier - INFO - Classification complete: {'WATER': np.int64(173), 'UNKNOWN': np.int64(59), 'DRY_BEACH': np.int64(39), 'BEACH_WET': np.int64(26), 'VEG_DUNES': np.int64(5)}
2025-10-15 10:29:00 - spectral_classifier.classifier - INFO - Monotonic smoothing complete: {'UNKNOWN': np.int64(298), 'VEG_DUNES': np.int64(1), 'DRY_BEACH': np.int64(1), 'BEACH_WET': np.int64(1), 'WATER': np.int64(1)}
2025-10-15 10:29:00 - spectral_classifier.transition - INFO - Detected 6 zone boundaries (Phase 2)
2025-10-15 10:29:00 - spectral_classifier.transition - INFO -   Detection methods: {'derivative_magnitude': 4, 'inflection_point': 2}
2025-10-15 10:29:00 - spectral_classifier.visualization - INFO - Saved clean plot to C:\Users\alisa\Desktop\SIP\git\beach_spectral\training_output\clean_plots\transect_196_clean.png
2025-10-15 10:29:00 - spectral_classifier.visualization - INFO - Saved plot to C:\Users\alisa\Desktop\SIP\git\beach_spectral\training_output\classified_plots\transect_196_analysis.png
2025-10-15 10:29:00 - __main__ - INFO -   [OK] Generated plots for transect 196
2025-10-15 10:29:00 - __main__ - INFO - [3/10] Processing transect 462
2025-10-15 10:29:00 - spectral_classifier.sampler - INFO - Transect 462: sampled 302 points over 300.0m
2025-10-15 10:29:00 - spectral_classifier.features - INFO - Computed 29 features
2025-10-15 10:29:00 - spectral_classifier.classifier - INFO - Classification complete: {'WATER': np.int64(180), 'UNKNOWN': np.int64(60), 'DRY_BEACH': np.int64(44), 'BEACH_WET': np.int64(18)}
2025-10-15 10:29:00 - spectral_classifier.classifier - INFO - Monotonic smoothing complete: {'UNKNOWN': np.int64(299), 'DRY_BEACH': np.int64(1), 'BEACH_WET': np.int64(1), 'WATER': np.int64(1)}
2025-10-15 10:29:00 - spectral_classifier.transition - INFO - Detected 2 zone boundaries (Phase 2)
2025-10-15 10:29:00 - spectral_classifier.transition - INFO -   Detection methods: {'derivative_magnitude': 2}
2025-10-15 10:29:01 - spectral_classifier.visualization - INFO - Saved clean plot to C:\Users\alisa\Desktop\SIP\git\beach_spectral\training_output\clean_plots\transect_462_clean.png
2025-10-15 10:29:01 - spectral_classifier.visualization - INFO - Saved plot to C:\Users\alisa\Desktop\SIP\git\beach_spectral\training_output\classified_plots\transect_462_analysis.png
2025-10-15 10:29:01 - __main__ - INFO -   [OK] Generated plots for transect 462
2025-10-15 10:29:01 - __main__ - INFO - [4/10] Processing transect 586
2025-10-15 10:29:01 - spectral_classifier.sampler - INFO - Transect 586: sampled 302 points over 300.0m
2025-10-15 10:29:01 - spectral_classifier.features - INFO - Computed 29 features
2025-10-15 10:29:01 - spectral_classifier.classifier - INFO - Classification complete: {'WATER': np.int64(179), 'UNKNOWN': np.int64(56), 'DRY_BEACH': np.int64(37), 'BEACH_WET': np.int64(28), 'VEG_DUNES': np.int64(2)}
2025-10-15 10:29:01 - spectral_classifier.classifier - INFO - Monotonic smoothing complete: {'UNKNOWN': np.int64(262), 'BEACH_WET': np.int64(38), 'VEG_DUNES': np.int64(1), 'WATER': np.int64(1)}
2025-10-15 10:29:01 - spectral_classifier.transition - INFO - Detected 3 zone boundaries (Phase 2)
2025-10-15 10:29:01 - spectral_classifier.transition - INFO -   Detection methods: {'derivative_magnitude': 3}
2025-10-15 10:29:01 - spectral_classifier.visualization - INFO - Saved clean plot to C:\Users\alisa\Desktop\SIP\git\beach_spectral\training_output\clean_plots\transect_586_clean.png
2025-10-15 10:29:02 - spectral_classifier.visualization - INFO - Saved plot to C:\Users\alisa\Desktop\SIP\git\beach_spectral\training_output\classified_plots\transect_586_analysis.png
2025-10-15 10:29:02 - __main__ - INFO -   [OK] Generated plots for transect 586
2025-10-15 10:29:02 - __main__ - INFO - [5/10] Processing transect 664
2025-10-15 10:29:02 - spectral_classifier.sampler - INFO - Transect 664: sampled 302 points over 300.0m
2025-10-15 10:29:02 - spectral_classifier.features - INFO - Computed 29 features
2025-10-15 10:29:02 - spectral_classifier.classifier - INFO - Classification complete: {'WATER': np.int64(168), 'UNKNOWN': np.int64(52), 'DRY_BEACH': np.int64(48), 'BEACH_WET': np.int64(24), 'VEG_DUNES': np.int64(10)}
2025-10-15 10:29:02 - spectral_classifier.classifier - INFO - Monotonic smoothing complete: {'UNKNOWN': np.int64(298), 'VEG_DUNES': np.int64(1), 'DRY_BEACH': np.int64(1), 'BEACH_WET': np.int64(1), 'WATER': np.int64(1)}
2025-10-15 10:29:02 - spectral_classifier.transition - INFO - Detected 4 zone boundaries (Phase 2)
2025-10-15 10:29:02 - spectral_classifier.transition - INFO -   Detection methods: {'derivative_magnitude': 2, 'inflection_point': 2}
2025-10-15 10:29:02 - spectral_classifier.visualization - INFO - Saved clean plot to C:\Users\alisa\Desktop\SIP\git\beach_spectral\training_output\clean_plots\transect_664_clean.png
2025-10-15 10:29:02 - spectral_classifier.visualization - INFO - Saved plot to C:\Users\alisa\Desktop\SIP\git\beach_spectral\training_output\classified_plots\transect_664_analysis.png
2025-10-15 10:29:02 - __main__ - INFO -   [OK] Generated plots for transect 664
2025-10-15 10:29:02 - __main__ - INFO - [6/10] Processing transect 872
2025-10-15 10:29:02 - spectral_classifier.sampler - INFO - Transect 872: sampled 301 points over 300.0m
2025-10-15 10:29:02 - spectral_classifier.features - INFO - Computed 29 features
2025-10-15 10:29:02 - spectral_classifier.classifier - INFO - Classification complete: {'WATER': np.int64(177), 'UNKNOWN': np.int64(69), 'DRY_BEACH': np.int64(35), 'BEACH_WET': np.int64(18), 'VEG_DUNES': np.int64(2)}
2025-10-15 10:29:02 - spectral_classifier.classifier - INFO - Monotonic smoothing complete: {'UNKNOWN': np.int64(264), 'BEACH_WET': np.int64(36), 'WATER': np.int64(1)}
2025-10-15 10:29:02 - spectral_classifier.transition - INFO - Detected 4 zone boundaries (Phase 2)
2025-10-15 10:29:02 - spectral_classifier.transition - INFO -   Detection methods: {'derivative_magnitude': 3, 'inflection_point': 1}
2025-10-15 10:29:03 - spectral_classifier.visualization - INFO - Saved clean plot to C:\Users\alisa\Desktop\SIP\git\beach_spectral\training_output\clean_plots\transect_872_clean.png
2025-10-15 10:29:03 - spectral_classifier.visualization - INFO - Saved plot to C:\Users\alisa\Desktop\SIP\git\beach_spectral\training_output\classified_plots\transect_872_analysis.png
2025-10-15 10:29:03 - __main__ - INFO -   [OK] Generated plots for transect 872
2025-10-15 10:29:03 - __main__ - INFO - [7/10] Processing transect 947
2025-10-15 10:29:03 - spectral_classifier.sampler - INFO - Transect 947: sampled 302 points over 300.0m
2025-10-15 10:29:03 - spectral_classifier.features - INFO - Computed 29 features
2025-10-15 10:29:03 - spectral_classifier.classifier - INFO - Classification complete: {'WATER': np.int64(182), 'UNKNOWN': np.int64(65), 'DRY_BEACH': np.int64(32), 'BEACH_WET': np.int64(17), 'VEG_DUNES': np.int64(6)}
2025-10-15 10:29:03 - spectral_classifier.classifier - INFO - Monotonic smoothing complete: {'UNKNOWN': np.int64(267), 'BEACH_WET': np.int64(33), 'VEG_DUNES': np.int64(1), 'WATER': np.int64(1)}
2025-10-15 10:29:03 - spectral_classifier.transition - INFO - Detected 6 zone boundaries (Phase 2)
2025-10-15 10:29:03 - spectral_classifier.transition - INFO -   Detection methods: {'derivative_magnitude': 4, 'inflection_point': 2}
2025-10-15 10:29:03 - spectral_classifier.visualization - INFO - Saved clean plot to C:\Users\alisa\Desktop\SIP\git\beach_spectral\training_output\clean_plots\transect_947_clean.png
2025-10-15 10:29:03 - spectral_classifier.visualization - INFO - Saved plot to C:\Users\alisa\Desktop\SIP\git\beach_spectral\training_output\classified_plots\transect_947_analysis.png
2025-10-15 10:29:03 - __main__ - INFO -   [OK] Generated plots for transect 947
2025-10-15 10:29:03 - __main__ - INFO - [8/10] Processing transect 962
2025-10-15 10:29:04 - spectral_classifier.sampler - INFO - Transect 962: sampled 301 points over 300.0m
2025-10-15 10:29:04 - spectral_classifier.features - INFO - Computed 29 features
2025-10-15 10:29:04 - spectral_classifier.classifier - INFO - Classification complete: {'WATER': np.int64(166), 'UNKNOWN': np.int64(76), 'DRY_BEACH': np.int64(31), 'BEACH_WET': np.int64(27), 'VEG_DUNES': np.int64(1)}
2025-10-15 10:29:04 - spectral_classifier.classifier - INFO - Monotonic smoothing complete: {'UNKNOWN': np.int64(298), 'DRY_BEACH': np.int64(1), 'BEACH_WET': np.int64(1), 'WATER': np.int64(1)}
2025-10-15 10:29:04 - spectral_classifier.transition - INFO - Detected 4 zone boundaries (Phase 2)
2025-10-15 10:29:04 - spectral_classifier.transition - INFO -   Detection methods: {'derivative_magnitude': 2, 'inflection_point': 2}
2025-10-15 10:29:04 - spectral_classifier.visualization - INFO - Saved clean plot to C:\Users\alisa\Desktop\SIP\git\beach_spectral\training_output\clean_plots\transect_962_clean.png
2025-10-15 10:29:04 - spectral_classifier.visualization - INFO - Saved plot to C:\Users\alisa\Desktop\SIP\git\beach_spectral\training_output\classified_plots\transect_962_analysis.png
2025-10-15 10:29:04 - __main__ - INFO -   [OK] Generated plots for transect 962
2025-10-15 10:29:04 - __main__ - INFO - [9/10] Processing transect 1455
2025-10-15 10:29:04 - spectral_classifier.sampler - INFO - Transect 1455: sampled 301 points over 300.0m
2025-10-15 10:29:04 - spectral_classifier.features - INFO - Computed 29 features
2025-10-15 10:29:04 - spectral_classifier.classifier - INFO - Classification complete: {'WATER': np.int64(167), 'UNKNOWN': np.int64(69), 'DRY_BEACH': np.int64(31), 'BEACH_WET': np.int64(26), 'VEG_DUNES': np.int64(8)}
2025-10-15 10:29:04 - spectral_classifier.classifier - INFO - Monotonic smoothing complete: {'UNKNOWN': np.int64(267), 'BEACH_WET': np.int64(32), 'VEG_DUNES': np.int64(1), 'WATER': np.int64(1)}
2025-10-15 10:29:04 - spectral_classifier.transition - INFO - Detected 5 zone boundaries (Phase 2)
2025-10-15 10:29:04 - spectral_classifier.transition - INFO -   Detection methods: {'derivative_magnitude': 3, 'inflection_point': 2}
2025-10-15 10:29:05 - spectral_classifier.visualization - INFO - Saved clean plot to C:\Users\alisa\Desktop\SIP\git\beach_spectral\training_output\clean_plots\transect_1455_clean.png
2025-10-15 10:29:05 - spectral_classifier.visualization - INFO - Saved plot to C:\Users\alisa\Desktop\SIP\git\beach_spectral\training_output\classified_plots\transect_1455_analysis.png
2025-10-15 10:29:05 - __main__ - INFO -   [OK] Generated plots for transect 1455
2025-10-15 10:29:05 - __main__ - INFO - [10/10] Processing transect 2106
2025-10-15 10:29:05 - spectral_classifier.sampler - INFO - Transect 2106: sampled 302 points over 300.0m
2025-10-15 10:29:05 - spectral_classifier.features - INFO - Computed 29 features
2025-10-15 10:29:05 - spectral_classifier.classifier - INFO - Classification complete: {'UNKNOWN': np.int64(122), 'DRY_BEACH': np.int64(84), 'WATER': np.int64(73), 'BEACH_WET': np.int64(21), 'VEG_DUNES': np.int64(2)}
2025-10-15 10:29:05 - spectral_classifier.classifier - INFO - Monotonic smoothing complete: {'UNKNOWN': np.int64(215), 'BEACH_WET': np.int64(85), 'VEG_DUNES': np.int64(1), 'WATER': np.int64(1)}
2025-10-15 10:29:05 - spectral_classifier.transition - INFO - Detected 3 zone boundaries (Phase 2)
2025-10-15 10:29:05 - spectral_classifier.transition - INFO -   Detection methods: {'derivative_magnitude': 3}
2025-10-15 10:29:05 - spectral_classifier.visualization - INFO - Saved clean plot to C:\Users\alisa\Desktop\SIP\git\beach_spectral\training_output\clean_plots\transect_2106_clean.png
2025-10-15 10:29:05 - spectral_classifier.visualization - INFO - Saved plot to C:\Users\alisa\Desktop\SIP\git\beach_spectral\training_output\classified_plots\transect_2106_analysis.png
2025-10-15 10:29:05 - __main__ - INFO -   [OK] Generated plots for transect 2106
2025-10-15 10:29:05 - __main__ - INFO - Successfully processed 10/10 transects
2025-10-15 10:29:05 - __main__ - INFO - Step 6: Exporting spectral data...
2025-10-15 10:29:05 - __main__ - INFO - Saved spectral data to C:\Users\alisa\Desktop\SIP\git\beach_spectral\training_output\sampled_spectral_data.csv
2025-10-15 10:29:05 - __main__ - INFO - Step 7: Exporting metadata...
2025-10-15 10:29:05 - __main__ - INFO - Saved metadata to C:\Users\alisa\Desktop\SIP\git\beach_spectral\training_output\training_sample_info.json
